[    1849ms] [WARNING] Image with src "/images/logo.webp" has "fill" but is missing "sizes" prop. Please add it to improve page performance. Read more: https://nextjs.org/docs/api-reference/next/image#sizes @ http://localhost:3000/_next/static/chunks/node_modules_next_dist_f3530cac._.js:2297
[   62842ms] [ERROR] ./app/how-work/page.tsx:26:1
Module not found: Can't resolve './faq-accordion'
  24 |     HeartHandshake
  25 | } from "lucide-react"
> 26 | import { FaqAccordion } from "./faq-accordion"
     | ^^^^^^^^^^^^^^^^^^^^^^^^^^^^^^^^^^^^^^^^^^^^^^
  27 |
  28 | export const metadata: Metadata = {
  29 |     title: "Nasıl Çalışır? | Hatay Mobilya Pazaryeri Kullanım Rehberi",

https://nextjs.org/docs/messages/module-not-found @ http://localhost:3000/_next/static/chunks/node_modules_next_dist_f3530cac._.js:3127
[   62943ms] [ERROR] ./app/how-work/page.tsx:26:1
Module not found: Can't resolve './faq-accordion'
  24 |     HeartHandshake
  25 | } from "lucide-react"
> 26 | import { FaqAccordion } from "./faq-accordion"
     | ^^^^^^^^^^^^^^^^^^^^^^^^^^^^^^^^^^^^^^^^^^^^^^
  27 |
  28 | export const metadata: Metadata = {
  29 |     title: "Nasıl Çalışır? | Hatay Mobilya Pazaryeri Kullanım Rehberi",

https://nextjs.org/docs/messages/module-not-found @ http://localhost:3000/_next/static/chunks/node_modules_next_dist_f3530cac._.js:3127
[   62995ms] [ERROR] ./app/how-work/page.tsx:26:1
Module not found: Can't resolve './faq-accordion'
  24 |     HeartHandshake
  25 | } from "lucide-react"
> 26 | import { FaqAccordion } from "./faq-accordion"
     | ^^^^^^^^^^^^^^^^^^^^^^^^^^^^^^^^^^^^^^^^^^^^^^
  27 |
  28 | export const metadata: Metadata = {
  29 |     title: "Nasıl Çalışır? | Hatay Mobilya Pazaryeri Kullanım Rehberi",

https://nextjs.org/docs/messages/module-not-found @ http://localhost:3000/_next/static/chunks/node_modules_next_dist_f3530cac._.js:3127
[   63057ms] [ERROR] ./app/how-work/page.tsx:26:1
Module not found: Can't resolve './faq-accordion'
  24 |     HeartHandshake
  25 | } from "lucide-react"
> 26 | import { FaqAccordion } from "./faq-accordion"
     | ^^^^^^^^^^^^^^^^^^^^^^^^^^^^^^^^^^^^^^^^^^^^^^
  27 |
  28 | export const metadata: Metadata = {
  29 |     title: "Nasıl Çalışır? | Hatay Mobilya Pazaryeri Kullanım Rehberi",

https://nextjs.org/docs/messages/module-not-found @ http://localhost:3000/_next/static/chunks/node_modules_next_dist_f3530cac._.js:3127
[   63118ms] [ERROR] ./app/how-work/page.tsx:26:1
Module not found: Can't resolve './faq-accordion'
  24 |     HeartHandshake
  25 | } from "lucide-react"
> 26 | import { FaqAccordion } from "./faq-accordion"
     | ^^^^^^^^^^^^^^^^^^^^^^^^^^^^^^^^^^^^^^^^^^^^^^
  27 |
  28 | export const metadata: Metadata = {
  29 |     title: "Nasıl Çalışır? | Hatay Mobilya Pazaryeri Kullanım Rehberi",

https://nextjs.org/docs/messages/module-not-found @ http://localhost:3000/_next/static/chunks/node_modules_next_dist_f3530cac._.js:3127
[   63187ms] [ERROR] ./app/how-work/page.tsx:26:1
Module not found: Can't resolve './faq-accordion'
  24 |     HeartHandshake
  25 | } from "lucide-react"
> 26 | import { FaqAccordion } from "./faq-accordion"
     | ^^^^^^^^^^^^^^^^^^^^^^^^^^^^^^^^^^^^^^^^^^^^^^
  27 |
  28 | export const metadata: Metadata = {
  29 |     title: "Nasıl Çalışır? | Hatay Mobilya Pazaryeri Kullanım Rehberi",

https://nextjs.org/docs/messages/module-not-found @ http://localhost:3000/_next/static/chunks/node_modules_next_dist_f3530cac._.js:3127
